// Jest Snapshot v1, https://goo.gl/fbAQLP

exports[`1. sanity test code 1`] = `
"glamorous('css-1i7gko5', 'css-oh2yv');
someOtherCall({ fontSize: 30 });"
`;

exports[`2. sanity test css 1`] = `
".css-1i7gko5,
[data-css-1i7gko5] {
  font-size: 20px;
  font-weight: normal;
}

.css-oh2yv,
[data-css-oh2yv] {
  margin: 20px;
}

.css-oh2yv:hover,
[data-css-oh2yv]:hover {
  margin: 10px;
}"
`;
